// Jest Snapshot v1, https://goo.gl/fbAQLP

exports[`Map renders correctly 1`] = `
<div
  className="makeStyles-map-1"
>
  <div
    className="makeStyles-legend-2"
  />
  <div
    className="makeStyles-map-1"
  >
    <span />
  </div>
</div>
`;
