// Jest Snapshot v1, https://goo.gl/fbAQLP

exports[`Error Message: Match snapshot 1`] = `null`;
